[INFO] Scanning for projects...
[INFO] 
[INFO] -------------------------< com.oodd:SalesApp >--------------------------
[INFO] Building library 0.0.1-SNAPSHOT
[INFO]   from pom.xml
[INFO] --------------------------------[ jar ]---------------------------------
[INFO] 
[INFO] >>> spring-boot:3.5.9:run (default-cli) > test-compile @ SalesApp >>>
[INFO] 
[INFO] --- resources:3.3.1:resources (default-resources) @ SalesApp ---
[INFO] Copying 1 resource from src\main\resources to target\classes
[INFO] Copying 5 resources from src\main\resources to target\classes
[INFO] 
[INFO] --- compiler:3.14.1:compile (default-compile) @ SalesApp ---
[INFO] Nothing to compile - all classes are up to date.
[INFO] 
[INFO] --- resources:3.3.1:testResources (default-testResources) @ SalesApp ---
[INFO] skip non existing resourceDirectory D:\Spring\library\src\test\resources
[INFO] 
[INFO] --- compiler:3.14.1:testCompile (default-testCompile) @ SalesApp ---
[INFO] Nothing to compile - all classes are up to date.
[INFO] 
[INFO] <<< spring-boot:3.5.9:run (default-cli) < test-compile @ SalesApp <<<
[INFO] 
[INFO] 
[INFO] --- spring-boot:3.5.9:run (default-cli) @ SalesApp ---
[INFO] Attaching agents: []

  .   ____          _            __ _ _
 /\\ / ___'_ __ _ _(_)_ __  __ _ \ \ \ \
( ( )\___ | '_ | '_| | '_ \/ _` | \ \ \ \
 \\/  ___)| |_)| | | | | || (_| |  ) ) ) )
  '  |____| .__|_| |_|_| |_\__, | / / / /
 =========|_|==============|___/=/_/_/_/

 :: Spring Boot ::                (v3.5.9)

2026-09-07T08:45:29.859+06:30  INFO 3296 --- [library] [           main] com.oodd.library.LibraryApplication      : Starting LibraryApplication using Java 21.0.1 with PID 3296 (D:\Spring\library\target\classes started by Paing Zin Ye Maung in D:\Spring\library)
2026-09-07T08:45:29.860+06:30  INFO 3296 --- [library] [           main] com.oodd.library.LibraryApplication      : No active profile set, falling back to 1 default profile: "default"
2026-09-07T08:45:30.558+06:30  INFO 3296 --- [library] [           main] .s.d.r.c.RepositoryConfigurationDelegate : Bootstrapping Spring Data JPA repositories in DEFAULT mode.
2026-09-07T08:45:30.607+06:30  INFO 3296 --- [library] [           main] .s.d.r.c.RepositoryConfigurationDelegate : Finished Spring Data repository scanning in 41 ms. Found 5 JPA repository interfaces.
2026-09-07T08:45:31.043+06:30  INFO 3296 --- [library] [           main] o.s.b.w.embedded.tomcat.TomcatWebServer  : Tomcat initialized with port 8585 (http)
2026-09-07T08:45:31.054+06:30  INFO 3296 --- [library] [           main] o.apache.catalina.core.StandardService   : Starting service [Tomcat]
2026-09-07T08:45:31.055+06:30  INFO 3296 --- [library] [           main] o.apache.catalina.core.StandardEngine    : Starting Servlet engine: [Apache Tomcat/10.1.50]
2026-09-07T08:45:31.109+06:30  INFO 3296 --- [library] [           main] o.a.c.c.C.[Tomcat].[localhost].[/]       : Initializing Spring embedded WebApplicationContext
2026-09-07T08:45:31.110+06:30  INFO 3296 --- [library] [           main] w.s.c.ServletWebServerApplicationContext : Root WebApplicationContext: initialization completed in 1222 ms
2026-09-07T08:45:31.342+06:30  INFO 3296 --- [library] [           main] o.hibernate.jpa.internal.util.LogHelper  : HHH000204: Processing PersistenceUnitInfo [name: default]
2026-09-07T08:45:31.395+06:30  INFO 3296 --- [library] [           main] org.hibernate.Version                    : HHH000412: Hibernate ORM core version 6.6.39.Final
2026-09-07T08:45:31.425+06:30  INFO 3296 --- [library] [           main] o.h.c.internal.RegionFactoryInitiator    : HHH000026: Second-level cache disabled
2026-09-07T08:45:31.665+06:30  INFO 3296 --- [library] [           main] o.s.o.j.p.SpringPersistenceUnitInfo      : No LoadTimeWeaver setup: ignoring JPA class transformer
2026-09-07T08:45:31.691+06:30  INFO 3296 --- [library] [           main] com.zaxxer.hikari.HikariDataSource       : HikariPool-1 - Starting...
2026-09-07T08:45:32.069+06:30  INFO 3296 --- [library] [           main] com.zaxxer.hikari.pool.HikariPool        : HikariPool-1 - Added connection com.mysql.cj.jdbc.ConnectionImpl@4544ab46
2026-09-07T08:45:32.071+06:30  INFO 3296 --- [library] [           main] com.zaxxer.hikari.HikariDataSource       : HikariPool-1 - Start completed.
2026-09-07T08:45:32.156+06:30  INFO 3296 --- [library] [           main] org.hibernate.orm.connections.pooling    : HHH10001005: Database info:
	Database JDBC URL [Connecting through datasource 'HikariDataSource (HikariPool-1)']
	Database driver: undefined/unknown
	Database version: 8.0.41
	Autocommit mode: undefined/unknown
	Isolation level: undefined/unknown
	Minimum pool size: undefined/unknown
	Maximum pool size: undefined/unknown
2026-09-07T08:45:32.977+06:30  INFO 3296 --- [library] [           main] o.h.e.t.j.p.i.JtaPlatformInitiator       : HHH000489: No JTA platform available (set 'hibernate.transaction.jta.platform' to enable JTA platform integration)
Hibernate: 
    alter table books 
       modify column status enum ('AVAILABLE','LOW_STOCK','OUT_OF_STOCK')
Hibernate: 
    alter table borrow_records 
       modify column status enum ('ISSUED','OVERDUE','RETURNED') not null
2026-09-07T08:45:33.176+06:30  INFO 3296 --- [library] [           main] j.LocalContainerEntityManagerFactoryBean : Initialized JPA EntityManagerFactory for persistence unit 'default'
2026-09-07T08:45:33.364+06:30  INFO 3296 --- [library] [           main] o.s.d.j.r.query.QueryEnhancerFactory     : Hibernate is in classpath; If applicable, HQL parser will be used.
2026-09-07T08:45:34.255+06:30  WARN 3296 --- [library] [           main] JpaBaseConfiguration$JpaWebConfiguration : spring.jpa.open-in-view is enabled by default. Therefore, database queries may be performed during view rendering. Explicitly configure spring.jpa.open-in-view to disable this warning
2026-09-07T08:45:34.287+06:30  INFO 3296 --- [library] [           main] o.s.b.a.w.s.WelcomePageHandlerMapping    : Adding welcome page template: index
2026-09-07T08:45:34.508+06:30  INFO 3296 --- [library] [           main] o.s.b.a.e.web.EndpointLinksResolver      : Exposing 1 endpoint beneath base path '/actuator'
2026-09-07T08:45:34.549+06:30  INFO 3296 --- [library] [           main] eAuthenticationProviderManagerConfigurer : Global AuthenticationManager configured with AuthenticationProvider bean with name authenticationProvider
2026-09-07T08:45:34.550+06:30  WARN 3296 --- [library] [           main] r$InitializeUserDetailsManagerConfigurer : Global AuthenticationManager configured with an AuthenticationProvider bean. UserDetailsService beans will not be used by Spring Security for automatically configuring username/password login. Consider removing the AuthenticationProvider bean. Alternatively, consider using the UserDetailsService in a manually instantiated DaoAuthenticationProvider. If the current configuration is intentional, to turn off this warning, increase the logging level of 'org.springframework.security.config.annotation.authentication.configuration.InitializeUserDetailsBeanManagerConfigurer' to ERROR
2026-09-07T08:45:34.969+06:30  INFO 3296 --- [library] [           main] o.s.b.w.embedded.tomcat.TomcatWebServer  : Tomcat started on port 8585 (http) with context path '/'
2026-09-07T08:45:34.978+06:30  INFO 3296 --- [library] [           main] com.oodd.library.LibraryApplication      : Started LibraryApplication in 5.412 seconds (process running for 5.671)
2026-09-07T08:45:36.798+06:30  INFO 3296 --- [library] [nio-8585-exec-1] o.a.c.c.C.[Tomcat].[localhost].[/]       : Initializing Spring DispatcherServlet 'dispatcherServlet'
2026-09-07T08:45:36.798+06:30  INFO 3296 --- [library] [nio-8585-exec-1] o.s.web.servlet.DispatcherServlet        : Initializing Servlet 'dispatcherServlet'
2026-09-07T08:45:36.799+06:30  INFO 3296 --- [library] [nio-8585-exec-1] o.s.web.servlet.DispatcherServlet        : Completed initialization in 1 ms
